MSBuild version 17.14.23+b0019275e for .NET Framework

  sqlite3.vcxproj -> C:\Users\musta\OneDrive\Desktop\cen429-2025-2026-27-mustafa-guneyli-cpp\build\src\sqlite3\Debug\sqlite3.lib
  utility.vcxproj -> C:\Users\musta\OneDrive\Desktop\cen429-2025-2026-27-mustafa-guneyli-cpp\build\src\utility\Debug\utility.lib
  CryptoSystem.cpp
  personal.vcxproj -> C:\Users\musta\OneDrive\Desktop\cen429-2025-2026-27-mustafa-guneyli-cpp\build\src\personal\Debug\personal.lib
